Archive member included to satisfy reference by file (symbol)

c:/program files (x86)/atmel/studio/7.0/toolchain/avr8/avr8-gnu-toolchain/bin/../lib/gcc/avr/4.9.2/avr4\libgcc.a(_exit.o)
                              C:/Program Files (x86)/Atmel/Studio/7.0/Packs/atmel/ATmega_DFP/1.1.130/gcc/dev/atmega8a/avr4/crtatmega8a.o (exit)
c:/program files (x86)/atmel/studio/7.0/toolchain/avr8/avr8-gnu-toolchain/bin/../lib/gcc/avr/4.9.2/avr4\libgcc.a(_copy_data.o)
                              main.o (__do_copy_data)
c:/program files (x86)/atmel/studio/7.0/toolchain/avr8/avr8-gnu-toolchain/bin/../lib/gcc/avr/4.9.2/avr4\libgcc.a(_clear_bss.o)
                              main.o (__do_clear_bss)
c:/program files (x86)/atmel/studio/7.0/toolchain/avr8/avr8-gnu-toolchain/bin/../lib/gcc/avr/4.9.2/../../../../avr/lib/avr4\libc.a(strlen_P.o)
                              SSD1306.o (__strlen_P)
c:/program files (x86)/atmel/studio/7.0/toolchain/avr8/avr8-gnu-toolchain/bin/../lib/gcc/avr/4.9.2/../../../../avr/lib/avr4\libc.a(itoa_ncheck.o)
                              SST25PF040B.o (__itoa_ncheck)
c:/program files (x86)/atmel/studio/7.0/toolchain/avr8/avr8-gnu-toolchain/bin/../lib/gcc/avr/4.9.2/../../../../avr/lib/avr4\libc.a(utoa_ncheck.o)
                              c:/program files (x86)/atmel/studio/7.0/toolchain/avr8/avr8-gnu-toolchain/bin/../lib/gcc/avr/4.9.2/../../../../avr/lib/avr4\libc.a(itoa_ncheck.o) (__utoa_common)
c:/program files (x86)/atmel/studio/7.0/toolchain/avr8/avr8-gnu-toolchain/bin/../lib/gcc/avr/4.9.2/../../../../avr/lib/avr4\libc.a(strrev.o)
                              c:/program files (x86)/atmel/studio/7.0/toolchain/avr8/avr8-gnu-toolchain/bin/../lib/gcc/avr/4.9.2/../../../../avr/lib/avr4\libc.a(utoa_ncheck.o) (strrev)

Allocating common symbols
Common symbol       size              file

zmienna             0x4               main.o

Discarded input sections

 .data          0x00000000        0x0 C:/Program Files (x86)/Atmel/Studio/7.0/Packs/atmel/ATmega_DFP/1.1.130/gcc/dev/atmega8a/avr4/crtatmega8a.o
 .bss           0x00000000        0x0 C:/Program Files (x86)/Atmel/Studio/7.0/Packs/atmel/ATmega_DFP/1.1.130/gcc/dev/atmega8a/avr4/crtatmega8a.o
 .text          0x00000000        0x0 czcionka+8pts.o
 .data          0x00000000        0x0 czcionka+8pts.o
 .bss           0x00000000        0x0 czcionka+8pts.o
 .progmem.data.info_8pts
                0x00000000      0x178 czcionka+8pts.o
 .progmem.data.czcionka_8pts
                0x00000000      0x544 czcionka+8pts.o
 .debug_info    0x00000000       0x89 czcionka+8pts.o
 .debug_abbrev  0x00000000       0x6a czcionka+8pts.o
 .debug_aranges
                0x00000000       0x18 czcionka+8pts.o
 .debug_line    0x00000000       0x32 czcionka+8pts.o
 .debug_str     0x00000000      0x113 czcionka+8pts.o
 .comment       0x00000000       0x31 czcionka+8pts.o
 .text          0x00000000        0x0 czcionki.o
 .data          0x00000000        0x0 czcionki.o
 .bss           0x00000000        0x0 czcionki.o
 .progmem.data.info
                0x00000000      0x178 czcionki.o
 .progmem.data.czcionka
                0x00000000      0x19f czcionki.o
 .debug_info    0x00000000       0xba czcionki.o
 .debug_abbrev  0x00000000       0x6a czcionki.o
 .debug_aranges
                0x00000000       0x18 czcionki.o
 .debug_line    0x00000000       0x2d czcionki.o
 .debug_str     0x00000000      0x16b czcionki.o
 .comment       0x00000000       0x31 czcionki.o
 .text          0x00000000        0x0 dzwieki.o
 .data          0x00000000        0x0 dzwieki.o
 .bss           0x00000000        0x0 dzwieki.o
 .text.ustaw_FAST_PWM_TIMER2
                0x00000000       0x10 dzwieki.o
 .text.oddtworz_dzwiek
                0x00000000        0x2 dzwieki.o
 .debug_info    0x00000000       0x99 dzwieki.o
 .debug_abbrev  0x00000000       0x51 dzwieki.o
 .debug_aranges
                0x00000000       0x28 dzwieki.o
 .debug_ranges  0x00000000       0x18 dzwieki.o
 .debug_line    0x00000000       0xc0 dzwieki.o
 .debug_str     0x00000000      0x17c dzwieki.o
 .comment       0x00000000       0x31 dzwieki.o
 .debug_frame   0x00000000       0x34 dzwieki.o
 .text          0x00000000        0x0 dzwiek_tablica.o
 .data          0x00000000        0x0 dzwiek_tablica.o
 .bss           0x00000000        0x0 dzwiek_tablica.o
 .progmem.data.dzwiek
                0x00000000      0x975 dzwiek_tablica.o
 .debug_info    0x00000000       0x85 dzwiek_tablica.o
 .debug_abbrev  0x00000000       0x50 dzwiek_tablica.o
 .debug_aranges
                0x00000000       0x18 dzwiek_tablica.o
 .debug_line    0x00000000       0x33 dzwiek_tablica.o
 .debug_str     0x00000000      0x165 dzwiek_tablica.o
 .comment       0x00000000       0x31 dzwiek_tablica.o
 .text          0x00000000        0x0 main.o
 .data          0x00000000        0x0 main.o
 .bss           0x00000000        0x0 main.o
 .text.EEPROM_write
                0x00000000       0x10 main.o
 .text.EEPROM_read
                0x00000000        0xe main.o
 .progmem.data.grzegorz
                0x00000000        0x9 main.o
 COMMON         0x00000000        0x4 main.o
 .text          0x00000000        0x0 MFRC522.o
 .data          0x00000000        0x0 MFRC522.o
 .bss           0x00000000        0x0 MFRC522.o
 .text.MFRC522_Transmit
                0x00000000       0x36 MFRC522.o
 .text.MFRC522_timer
                0x00000000       0x12 MFRC522.o
 .text.MFRC522_interrupt
                0x00000000        0xc MFRC522.o
 .text          0x00000000        0x0 SSD1306.o
 .data          0x00000000        0x0 SSD1306.o
 .bss           0x00000000        0x0 SSD1306.o
 .text.ustaw_slave
                0x00000000       0x14 SSD1306.o
 .text.ssd1306_inicjuj
                0x00000000       0x20 SSD1306.o
 .text.ssd1306_wyslij_3_bajty
                0x00000000       0x1a SSD1306.o
 .text.ssd1306_wyslij_2_bajty
                0x00000000       0x14 SSD1306.o
 .text.ssd1306_wyslij_1_bajt
                0x00000000        0xe SSD1306.o
 .text.wyczysc_ekran
                0x00000000       0x48 SSD1306.o
 .text.tekst_z_flash
                0x00000000      0x116 SSD1306.o
 .text.tekst_z_sram
                0x00000000      0x124 SSD1306.o
 .text.tekst_duzy_z_flash
                0x00000000       0xb4 SSD1306.o
 .text.tekst_duzy_z_sram
                0x00000000       0xb0 SSD1306.o
 .data.napis    0x00000000        0xa SSD1306.o
 .bss.a         0x00000000        0x2 SSD1306.o
 .text          0x00000000        0x0 SST25PF040B.o
 .data          0x00000000        0x0 SST25PF040B.o
 .bss           0x00000000        0x0 SST25PF040B.o
 .text.SST25_ustaw_piny
                0x00000000        0xe SST25PF040B.o
 .text.SST25PF040B_read_status
                0x00000000       0x2c SST25PF040B.o
 .text.SST25PF040B_read_jedec
                0x00000000       0x7e SST25PF040B.o
 .text.read_id  0x00000000       0x5c SST25PF040B.o
 .text.read_status_register
                0x00000000       0x28 SST25PF040B.o
 .debug_info    0x00000000      0x694 SST25PF040B.o
 .debug_abbrev  0x00000000      0x21b SST25PF040B.o
 .debug_loc     0x00000000      0x16b SST25PF040B.o
 .debug_aranges
                0x00000000       0x40 SST25PF040B.o
 .debug_ranges  0x00000000       0x30 SST25PF040B.o
 .debug_line    0x00000000      0x372 SST25PF040B.o
 .debug_str     0x00000000      0x278 SST25PF040B.o
 .comment       0x00000000       0x31 SST25PF040B.o
 .debug_frame   0x00000000       0x78 SST25PF040B.o
 .text          0x00000000        0x0 usart.o
 .data          0x00000000        0x0 usart.o
 .bss           0x00000000        0x0 usart.o
 .text          0x00000000        0x0 utilities.o
 .data          0x00000000        0x0 utilities.o
 .bss           0x00000000        0x0 utilities.o
 .text.set_master
                0x00000000       0x1e utilities.o
 .debug_info    0x00000000       0x83 utilities.o
 .debug_abbrev  0x00000000       0x51 utilities.o
 .debug_aranges
                0x00000000       0x20 utilities.o
 .debug_ranges  0x00000000       0x10 utilities.o
 .debug_line    0x00000000       0xe6 utilities.o
 .debug_str     0x00000000      0x163 utilities.o
 .comment       0x00000000       0x31 utilities.o
 .debug_frame   0x00000000       0x24 utilities.o
 .text          0x00000000        0x0 W25Q32BV.o
 .data          0x00000000        0x0 W25Q32BV.o
 .bss           0x00000000        0x0 W25Q32BV.o
 .text.W25Q32BV_init
                0x00000000       0x2c W25Q32BV.o
 .text.W25Q32BV_start_reading
                0x00000000       0x34 W25Q32BV.o
 .text.W25Q32BV_read_next
                0x00000000        0xa W25Q32BV.o
 .text.W25Q32BV_check_records
                0x00000000      0x1a0 W25Q32BV.o
 .text.W25Q32BV_start_writing
                0x00000000       0x5e W25Q32BV.o
 .text.W25Q32BV_save_record
                0x00000000       0xa6 W25Q32BV.o
 .text.W25Q32BV_read_record
                0x00000000      0x114 W25Q32BV.o
 .text.W25Q32BV_clear_block
                0x00000000       0x56 W25Q32BV.o
 .text.W25Q32BV_move_send
                0x00000000      0x10a W25Q32BV.o
 .text.W25Q32BV_read_jedec
                0x00000000       0x38 W25Q32BV.o
 .text.W25Q32BV_read_id
                0x00000000       0x5c W25Q32BV.o
 .text.W25Q32BV_read_status_register2
                0x00000000       0x16 W25Q32BV.o
 .text.W25Q32BV_read_status_register_both
                0x00000000        0x4 W25Q32BV.o
 .text.dd_W25Q32BV_read_data
                0x00000000       0x4e W25Q32BV.o
 .text.wykasuj_flasha_32kB
                0x00000000       0x66 W25Q32BV.o
 .text.sprawdz_czy_dane_mozna_usunac
                0x00000000      0x102 W25Q32BV.o
 .text          0x00000000        0x0 c:/program files (x86)/atmel/studio/7.0/toolchain/avr8/avr8-gnu-toolchain/bin/../lib/gcc/avr/4.9.2/avr4\libgcc.a(_exit.o)
 .data          0x00000000        0x0 c:/program files (x86)/atmel/studio/7.0/toolchain/avr8/avr8-gnu-toolchain/bin/../lib/gcc/avr/4.9.2/avr4\libgcc.a(_exit.o)
 .bss           0x00000000        0x0 c:/program files (x86)/atmel/studio/7.0/toolchain/avr8/avr8-gnu-toolchain/bin/../lib/gcc/avr/4.9.2/avr4\libgcc.a(_exit.o)
 .text.libgcc.mul
                0x00000000        0x0 c:/program files (x86)/atmel/studio/7.0/toolchain/avr8/avr8-gnu-toolchain/bin/../lib/gcc/avr/4.9.2/avr4\libgcc.a(_exit.o)
 .text.libgcc.div
                0x00000000        0x0 c:/program files (x86)/atmel/studio/7.0/toolchain/avr8/avr8-gnu-toolchain/bin/../lib/gcc/avr/4.9.2/avr4\libgcc.a(_exit.o)
 .text.libgcc   0x00000000        0x0 c:/program files (x86)/atmel/studio/7.0/toolchain/avr8/avr8-gnu-toolchain/bin/../lib/gcc/avr/4.9.2/avr4\libgcc.a(_exit.o)
 .text.libgcc.prologue
                0x00000000        0x0 c:/program files (x86)/atmel/studio/7.0/toolchain/avr8/avr8-gnu-toolchain/bin/../lib/gcc/avr/4.9.2/avr4\libgcc.a(_exit.o)
 .text.libgcc.builtins
                0x00000000        0x0 c:/program files (x86)/atmel/studio/7.0/toolchain/avr8/avr8-gnu-toolchain/bin/../lib/gcc/avr/4.9.2/avr4\libgcc.a(_exit.o)
 .text.libgcc.fmul
                0x00000000        0x0 c:/program files (x86)/atmel/studio/7.0/toolchain/avr8/avr8-gnu-toolchain/bin/../lib/gcc/avr/4.9.2/avr4\libgcc.a(_exit.o)
 .text.libgcc.fixed
                0x00000000        0x0 c:/program files (x86)/atmel/studio/7.0/toolchain/avr8/avr8-gnu-toolchain/bin/../lib/gcc/avr/4.9.2/avr4\libgcc.a(_exit.o)
 .text          0x00000000        0x0 c:/program files (x86)/atmel/studio/7.0/toolchain/avr8/avr8-gnu-toolchain/bin/../lib/gcc/avr/4.9.2/avr4\libgcc.a(_copy_data.o)
 .data          0x00000000        0x0 c:/program files (x86)/atmel/studio/7.0/toolchain/avr8/avr8-gnu-toolchain/bin/../lib/gcc/avr/4.9.2/avr4\libgcc.a(_copy_data.o)
 .bss           0x00000000        0x0 c:/program files (x86)/atmel/studio/7.0/toolchain/avr8/avr8-gnu-toolchain/bin/../lib/gcc/avr/4.9.2/avr4\libgcc.a(_copy_data.o)
 .text.libgcc.mul
                0x00000000        0x0 c:/program files (x86)/atmel/studio/7.0/toolchain/avr8/avr8-gnu-toolchain/bin/../lib/gcc/avr/4.9.2/avr4\libgcc.a(_copy_data.o)
 .text.libgcc.div
                0x00000000        0x0 c:/program files (x86)/atmel/studio/7.0/toolchain/avr8/avr8-gnu-toolchain/bin/../lib/gcc/avr/4.9.2/avr4\libgcc.a(_copy_data.o)
 .text.libgcc   0x00000000        0x0 c:/program files (x86)/atmel/studio/7.0/toolchain/avr8/avr8-gnu-toolchain/bin/../lib/gcc/avr/4.9.2/avr4\libgcc.a(_copy_data.o)
 .text.libgcc.prologue
                0x00000000        0x0 c:/program files (x86)/atmel/studio/7.0/toolchain/avr8/avr8-gnu-toolchain/bin/../lib/gcc/avr/4.9.2/avr4\libgcc.a(_copy_data.o)
 .text.libgcc.builtins
                0x00000000        0x0 c:/program files (x86)/atmel/studio/7.0/toolchain/avr8/avr8-gnu-toolchain/bin/../lib/gcc/avr/4.9.2/avr4\libgcc.a(_copy_data.o)
 .text.libgcc.fmul
                0x00000000        0x0 c:/program files (x86)/atmel/studio/7.0/toolchain/avr8/avr8-gnu-toolchain/bin/../lib/gcc/avr/4.9.2/avr4\libgcc.a(_copy_data.o)
 .text.libgcc.fixed
                0x00000000        0x0 c:/program files (x86)/atmel/studio/7.0/toolchain/avr8/avr8-gnu-toolchain/bin/../lib/gcc/avr/4.9.2/avr4\libgcc.a(_copy_data.o)
 .text          0x00000000        0x0 c:/program files (x86)/atmel/studio/7.0/toolchain/avr8/avr8-gnu-toolchain/bin/../lib/gcc/avr/4.9.2/avr4\libgcc.a(_clear_bss.o)
 .data          0x00000000        0x0 c:/program files (x86)/atmel/studio/7.0/toolchain/avr8/avr8-gnu-toolchain/bin/../lib/gcc/avr/4.9.2/avr4\libgcc.a(_clear_bss.o)
 .bss           0x00000000        0x0 c:/program files (x86)/atmel/studio/7.0/toolchain/avr8/avr8-gnu-toolchain/bin/../lib/gcc/avr/4.9.2/avr4\libgcc.a(_clear_bss.o)
 .text.libgcc.mul
                0x00000000        0x0 c:/program files (x86)/atmel/studio/7.0/toolchain/avr8/avr8-gnu-toolchain/bin/../lib/gcc/avr/4.9.2/avr4\libgcc.a(_clear_bss.o)
 .text.libgcc.div
                0x00000000        0x0 c:/program files (x86)/atmel/studio/7.0/toolchain/avr8/avr8-gnu-toolchain/bin/../lib/gcc/avr/4.9.2/avr4\libgcc.a(_clear_bss.o)
 .text.libgcc   0x00000000        0x0 c:/program files (x86)/atmel/studio/7.0/toolchain/avr8/avr8-gnu-toolchain/bin/../lib/gcc/avr/4.9.2/avr4\libgcc.a(_clear_bss.o)
 .text.libgcc.prologue
                0x00000000        0x0 c:/program files (x86)/atmel/studio/7.0/toolchain/avr8/avr8-gnu-toolchain/bin/../lib/gcc/avr/4.9.2/avr4\libgcc.a(_clear_bss.o)
 .text.libgcc.builtins
                0x00000000        0x0 c:/program files (x86)/atmel/studio/7.0/toolchain/avr8/avr8-gnu-toolchain/bin/../lib/gcc/avr/4.9.2/avr4\libgcc.a(_clear_bss.o)
 .text.libgcc.fmul
                0x00000000        0x0 c:/program files (x86)/atmel/studio/7.0/toolchain/avr8/avr8-gnu-toolchain/bin/../lib/gcc/avr/4.9.2/avr4\libgcc.a(_clear_bss.o)
 .text.libgcc.fixed
                0x00000000        0x0 c:/program files (x86)/atmel/studio/7.0/toolchain/avr8/avr8-gnu-toolchain/bin/../lib/gcc/avr/4.9.2/avr4\libgcc.a(_clear_bss.o)
 .text          0x00000000        0x0 c:/program files (x86)/atmel/studio/7.0/toolchain/avr8/avr8-gnu-toolchain/bin/../lib/gcc/avr/4.9.2/../../../../avr/lib/avr4\libc.a(strlen_P.o)
 .data          0x00000000        0x0 c:/program files (x86)/atmel/studio/7.0/toolchain/avr8/avr8-gnu-toolchain/bin/../lib/gcc/avr/4.9.2/../../../../avr/lib/avr4\libc.a(strlen_P.o)
 .bss           0x00000000        0x0 c:/program files (x86)/atmel/studio/7.0/toolchain/avr8/avr8-gnu-toolchain/bin/../lib/gcc/avr/4.9.2/../../../../avr/lib/avr4\libc.a(strlen_P.o)
 .text.avr-libc
                0x00000000       0x12 c:/program files (x86)/atmel/studio/7.0/toolchain/avr8/avr8-gnu-toolchain/bin/../lib/gcc/avr/4.9.2/../../../../avr/lib/avr4\libc.a(strlen_P.o)
 .text          0x00000000        0x0 c:/program files (x86)/atmel/studio/7.0/toolchain/avr8/avr8-gnu-toolchain/bin/../lib/gcc/avr/4.9.2/../../../../avr/lib/avr4\libc.a(itoa_ncheck.o)
 .data          0x00000000        0x0 c:/program files (x86)/atmel/studio/7.0/toolchain/avr8/avr8-gnu-toolchain/bin/../lib/gcc/avr/4.9.2/../../../../avr/lib/avr4\libc.a(itoa_ncheck.o)
 .bss           0x00000000        0x0 c:/program files (x86)/atmel/studio/7.0/toolchain/avr8/avr8-gnu-toolchain/bin/../lib/gcc/avr/4.9.2/../../../../avr/lib/avr4\libc.a(itoa_ncheck.o)
 .text.avr-libc
                0x00000000       0x14 c:/program files (x86)/atmel/studio/7.0/toolchain/avr8/avr8-gnu-toolchain/bin/../lib/gcc/avr/4.9.2/../../../../avr/lib/avr4\libc.a(itoa_ncheck.o)
 .text          0x00000000        0x0 c:/program files (x86)/atmel/studio/7.0/toolchain/avr8/avr8-gnu-toolchain/bin/../lib/gcc/avr/4.9.2/../../../../avr/lib/avr4\libc.a(utoa_ncheck.o)
 .data          0x00000000        0x0 c:/program files (x86)/atmel/studio/7.0/toolchain/avr8/avr8-gnu-toolchain/bin/../lib/gcc/avr/4.9.2/../../../../avr/lib/avr4\libc.a(utoa_ncheck.o)
 .bss           0x00000000        0x0 c:/program files (x86)/atmel/studio/7.0/toolchain/avr8/avr8-gnu-toolchain/bin/../lib/gcc/avr/4.9.2/../../../../avr/lib/avr4\libc.a(utoa_ncheck.o)
 .text.avr-libc
                0x00000000       0x32 c:/program files (x86)/atmel/studio/7.0/toolchain/avr8/avr8-gnu-toolchain/bin/../lib/gcc/avr/4.9.2/../../../../avr/lib/avr4\libc.a(utoa_ncheck.o)
 .text          0x00000000        0x0 c:/program files (x86)/atmel/studio/7.0/toolchain/avr8/avr8-gnu-toolchain/bin/../lib/gcc/avr/4.9.2/../../../../avr/lib/avr4\libc.a(strrev.o)
 .data          0x00000000        0x0 c:/program files (x86)/atmel/studio/7.0/toolchain/avr8/avr8-gnu-toolchain/bin/../lib/gcc/avr/4.9.2/../../../../avr/lib/avr4\libc.a(strrev.o)
 .bss           0x00000000        0x0 c:/program files (x86)/atmel/studio/7.0/toolchain/avr8/avr8-gnu-toolchain/bin/../lib/gcc/avr/4.9.2/../../../../avr/lib/avr4\libc.a(strrev.o)
 .text.avr-libc
                0x00000000       0x20 c:/program files (x86)/atmel/studio/7.0/toolchain/avr8/avr8-gnu-toolchain/bin/../lib/gcc/avr/4.9.2/../../../../avr/lib/avr4\libc.a(strrev.o)

Memory Configuration

Name             Origin             Length             Attributes
text             0x00000000         0x00002000         xr
data             0x00800060         0x0000ffa0         rw !x
eeprom           0x00810000         0x00010000         rw !x
fuse             0x00820000         0x00000002         rw !x
lock             0x00830000         0x00000400         rw !x
signature        0x00840000         0x00000400         rw !x
user_signatures  0x00850000         0x00000400         rw !x
*default*        0x00000000         0xffffffff

Linker script and memory map

LOAD C:/Program Files (x86)/Atmel/Studio/7.0/Packs/atmel/ATmega_DFP/1.1.130/gcc/dev/atmega8a/avr4/crtatmega8a.o
LOAD czcionka+8pts.o
LOAD czcionki.o
LOAD dzwieki.o
LOAD dzwiek_tablica.o
LOAD main.o
LOAD MFRC522.o
LOAD SSD1306.o
LOAD SST25PF040B.o
LOAD usart.o
LOAD utilities.o
LOAD W25Q32BV.o
START GROUP
LOAD c:/program files (x86)/atmel/studio/7.0/toolchain/avr8/avr8-gnu-toolchain/bin/../lib/gcc/avr/4.9.2/../../../../avr/lib/avr4\libm.a
END GROUP
START GROUP
LOAD c:/program files (x86)/atmel/studio/7.0/toolchain/avr8/avr8-gnu-toolchain/bin/../lib/gcc/avr/4.9.2/avr4\libgcc.a
LOAD c:/program files (x86)/atmel/studio/7.0/toolchain/avr8/avr8-gnu-toolchain/bin/../lib/gcc/avr/4.9.2/../../../../avr/lib/avr4\libm.a
LOAD c:/program files (x86)/atmel/studio/7.0/toolchain/avr8/avr8-gnu-toolchain/bin/../lib/gcc/avr/4.9.2/../../../../avr/lib/avr4\libc.a
LOAD C:/Program Files (x86)/Atmel/Studio/7.0/Packs/atmel/ATmega_DFP/1.1.130/gcc/dev/atmega8a/avr4\libatmega8a.a
END GROUP
                0x00002000                __TEXT_REGION_LENGTH__ = DEFINED (__TEXT_REGION_LENGTH__)?__TEXT_REGION_LENGTH__:0x2000
                0x0000ffa0                __DATA_REGION_LENGTH__ = DEFINED (__DATA_REGION_LENGTH__)?__DATA_REGION_LENGTH__:0xffa0
                0x00010000                __EEPROM_REGION_LENGTH__ = DEFINED (__EEPROM_REGION_LENGTH__)?__EEPROM_REGION_LENGTH__:0x10000
                [0x00000002]                __FUSE_REGION_LENGTH__ = DEFINED (__FUSE_REGION_LENGTH__)?__FUSE_REGION_LENGTH__:0x400
                0x00000400                __LOCK_REGION_LENGTH__ = DEFINED (__LOCK_REGION_LENGTH__)?__LOCK_REGION_LENGTH__:0x400
                0x00000400                __SIGNATURE_REGION_LENGTH__ = DEFINED (__SIGNATURE_REGION_LENGTH__)?__SIGNATURE_REGION_LENGTH__:0x400
                0x00000400                __USER_SIGNATURE_REGION_LENGTH__ = DEFINED (__USER_SIGNATURE_REGION_LENGTH__)?__USER_SIGNATURE_REGION_LENGTH__:0x400

.hash
 *(.hash)

.dynsym
 *(.dynsym)

.dynstr
 *(.dynstr)

.gnu.version
 *(.gnu.version)

.gnu.version_d
 *(.gnu.version_d)

.gnu.version_r
 *(.gnu.version_r)

.rel.init
 *(.rel.init)

.rela.init
 *(.rela.init)

.rel.text
 *(.rel.text)
 *(.rel.text.*)
 *(.rel.gnu.linkonce.t*)

.rela.text
 *(.rela.text)
 *(.rela.text.*)
 *(.rela.gnu.linkonce.t*)

.rel.fini
 *(.rel.fini)

.rela.fini
 *(.rela.fini)

.rel.rodata
 *(.rel.rodata)
 *(.rel.rodata.*)
 *(.rel.gnu.linkonce.r*)

.rela.rodata
 *(.rela.rodata)
 *(.rela.rodata.*)
 *(.rela.gnu.linkonce.r*)

.rel.data
 *(.rel.data)
 *(.rel.data.*)
 *(.rel.gnu.linkonce.d*)

.rela.data
 *(.rela.data)
 *(.rela.data.*)
 *(.rela.gnu.linkonce.d*)

.rel.ctors
 *(.rel.ctors)

.rela.ctors
 *(.rela.ctors)

.rel.dtors
 *(.rel.dtors)

.rela.dtors
 *(.rela.dtors)

.rel.got
 *(.rel.got)

.rela.got
 *(.rela.got)

.rel.bss
 *(.rel.bss)

.rela.bss
 *(.rela.bss)

.rel.plt
 *(.rel.plt)

.rela.plt
 *(.rela.plt)

.text           0x00000000      0x43c
 *(.vectors)
 .vectors       0x00000000       0x26 C:/Program Files (x86)/Atmel/Studio/7.0/Packs/atmel/ATmega_DFP/1.1.130/gcc/dev/atmega8a/avr4/crtatmega8a.o
                0x00000000                __vector_default
                0x00000000                __vectors
 *(.vectors)
 *(.progmem.gcc*)
                0x00000026                . = ALIGN (0x2)
                0x00000026                __trampolines_start = .
 *(.trampolines)
 .trampolines   0x00000026        0x0 linker stubs
 *(.trampolines*)
                0x00000026                __trampolines_end = .
 *libprintf_flt.a:*(.progmem.data)
 *libc.a:*(.progmem.data)
 *(.progmem*)
                0x00000026                . = ALIGN (0x2)
 *(.jumptables)
 *(.jumptables*)
 *(.lowtext)
 *(.lowtext*)
                0x00000026                __ctors_start = .
 *(.ctors)
                0x00000026                __ctors_end = .
                0x00000026                __dtors_start = .
 *(.dtors)
                0x00000026                __dtors_end = .
 SORT(*)(.ctors)
 SORT(*)(.dtors)
 *(.init0)
 .init0         0x00000026        0x0 C:/Program Files (x86)/Atmel/Studio/7.0/Packs/atmel/ATmega_DFP/1.1.130/gcc/dev/atmega8a/avr4/crtatmega8a.o
                0x00000026                __init
 *(.init0)
 *(.init1)
 *(.init1)
 *(.init2)
 .init2         0x00000026        0xc C:/Program Files (x86)/Atmel/Studio/7.0/Packs/atmel/ATmega_DFP/1.1.130/gcc/dev/atmega8a/avr4/crtatmega8a.o
 *(.init2)
 *(.init3)
 *(.init3)
 *(.init4)
 .init4         0x00000032       0x16 c:/program files (x86)/atmel/studio/7.0/toolchain/avr8/avr8-gnu-toolchain/bin/../lib/gcc/avr/4.9.2/avr4\libgcc.a(_copy_data.o)
                0x00000032                __do_copy_data
 .init4         0x00000048       0x10 c:/program files (x86)/atmel/studio/7.0/toolchain/avr8/avr8-gnu-toolchain/bin/../lib/gcc/avr/4.9.2/avr4\libgcc.a(_clear_bss.o)
                0x00000048                __do_clear_bss
 *(.init4)
 *(.init5)
 *(.init5)
 *(.init6)
 *(.init6)
 *(.init7)
 *(.init7)
 *(.init8)
 *(.init8)
 *(.init9)
 .init9         0x00000058        0x4 C:/Program Files (x86)/Atmel/Studio/7.0/Packs/atmel/ATmega_DFP/1.1.130/gcc/dev/atmega8a/avr4/crtatmega8a.o
 *(.init9)
 *(.text)
 .text          0x0000005c        0x2 C:/Program Files (x86)/Atmel/Studio/7.0/Packs/atmel/ATmega_DFP/1.1.130/gcc/dev/atmega8a/avr4/crtatmega8a.o
                0x0000005c                __vector_1
                0x0000005c                __vector_12
                0x0000005c                __bad_interrupt
                0x0000005c                __vector_6
                0x0000005c                __vector_3
                0x0000005c                __vector_13
                0x0000005c                __vector_17
                0x0000005c                __vector_7
                0x0000005c                __vector_5
                0x0000005c                __vector_4
                0x0000005c                __vector_9
                0x0000005c                __vector_2
                0x0000005c                __vector_15
                0x0000005c                __vector_14
                0x0000005c                __vector_10
                0x0000005c                __vector_16
                0x0000005c                __vector_18
                0x0000005e                . = ALIGN (0x2)
 *(.text.*)
 .text.Wlacz_glosnik
                0x0000005e        0x8 main.o
                0x0000005e                Wlacz_glosnik
 .text.wylacz_glosnik
                0x00000066        0x8 main.o
                0x00000066                wylacz_glosnik
 .text.__vector_11
                0x0000006e       0x86 main.o
                0x0000006e                __vector_11
 .text.__vector_8
                0x000000f4      0x100 main.o
                0x000000f4                __vector_8
 .text.startup.main
                0x000001f4       0x64 main.o
                0x000001f4                main
 .text.MFRC522_Ustaw_piny
                0x00000258        0x6 MFRC522.o
                0x00000258                MFRC522_Ustaw_piny
 .text.MFRC522_High
                0x0000025e        0x4 MFRC522.o
                0x0000025e                MFRC522_High
 .text.MFRC522_low
                0x00000262        0x4 MFRC522.o
                0x00000262                MFRC522_low
 .text.MFRC522_Read_data
                0x00000266       0x2c MFRC522.o
                0x00000266                MFRC522_Read_data
 .text.MFRC522_write_data
                0x00000292       0x2c MFRC522.o
                0x00000292                MFRC522_write_data
 .text.MFRC522_inicjuj
                0x000002be       0x3a MFRC522.o
                0x000002be                MFRC522_inicjuj
 .text.ustaw_master
                0x000002f8       0x1e SSD1306.o
                0x000002f8                ustaw_master
 .text.inicjuj_usart
                0x00000316       0x1a usart.o
                0x00000316                inicjuj_usart
 .text.W25Q32BV_write_eneable
                0x00000330        0xe W25Q32BV.o
                0x00000330                W25Q32BV_write_eneable
 .text.W25Q32BV_read_status_register1
                0x0000033e       0x16 W25Q32BV.o
                0x0000033e                W25Q32BV_read_status_register1
 .text.W25Q32BV_ustaw_piny
                0x00000354        0xe W25Q32BV.o
                0x00000354                W25Q32BV_ustaw_piny
 .text.W25Q32BV_page_program
                0x00000362       0x74 W25Q32BV.o
                0x00000362                W25Q32BV_page_program
 .text.W25Q32BV_read_data
                0x000003d6       0x62 W25Q32BV.o
                0x000003d6                W25Q32BV_read_data
                0x00000438                . = ALIGN (0x2)
 *(.fini9)
 .fini9         0x00000438        0x0 c:/program files (x86)/atmel/studio/7.0/toolchain/avr8/avr8-gnu-toolchain/bin/../lib/gcc/avr/4.9.2/avr4\libgcc.a(_exit.o)
                0x00000438                _exit
                0x00000438                exit
 *(.fini9)
 *(.fini8)
 *(.fini8)
 *(.fini7)
 *(.fini7)
 *(.fini6)
 *(.fini6)
 *(.fini5)
 *(.fini5)
 *(.fini4)
 *(.fini4)
 *(.fini3)
 *(.fini3)
 *(.fini2)
 *(.fini2)
 *(.fini1)
 *(.fini1)
 *(.fini0)
 .fini0         0x00000438        0x4 c:/program files (x86)/atmel/studio/7.0/toolchain/avr8/avr8-gnu-toolchain/bin/../lib/gcc/avr/4.9.2/avr4\libgcc.a(_exit.o)
 *(.fini0)
                0x0000043c                _etext = .

.data           0x00800060        0x6 load address 0x0000043c
                0x00800060                PROVIDE (__data_start, .)
 *(.data)
 *(.data*)
 .data.dlugosc_dzwieku
                0x00800060        0x4 main.o
                0x00800060                dlugosc_dzwieku
 .data.dzwiek_play
                0x00800064        0x1 main.o
                0x00800064                dzwiek_play
 *(.rodata)
 *(.rodata*)
 *(.gnu.linkonce.d*)
                0x00800066                . = ALIGN (0x2)
 *fill*         0x00800065        0x1 
                0x00800066                _edata = .
                0x00800066                PROVIDE (__data_end, .)

.bss            0x00800066        0x6
                0x00800066                PROVIDE (__bss_start, .)
 *(.bss)
 *(.bss*)
 .bss.licznik.2063
                0x00800066        0x2 main.o
 .bss.W25Q32BV_adres
                0x00800068        0x4 main.o
                0x00800068                W25Q32BV_adres
 *(COMMON)
                0x0080006c                PROVIDE (__bss_end, .)
                0x0000043c                __data_load_start = LOADADDR (.data)
                0x00000442                __data_load_end = (__data_load_start + SIZEOF (.data))

.noinit         0x0080006c        0x0
                [!provide]                PROVIDE (__noinit_start, .)
 *(.noinit*)
                [!provide]                PROVIDE (__noinit_end, .)
                0x0080006c                _end = .
                [!provide]                PROVIDE (__heap_start, .)

.eeprom         0x00810000        0x0
 *(.eeprom*)
                0x00810000                __eeprom_end = .

.fuse
 *(.fuse)
 *(.lfuse)
 *(.hfuse)
 *(.efuse)

.lock
 *(.lock*)

.signature
 *(.signature*)

.user_signatures
 *(.user_signatures*)

.stab
 *(.stab)

.stabstr
 *(.stabstr)

.stab.excl
 *(.stab.excl)

.stab.exclstr
 *(.stab.exclstr)

.stab.index
 *(.stab.index)

.stab.indexstr
 *(.stab.indexstr)

.comment        0x00000000       0x30
 *(.comment)
 .comment       0x00000000       0x30 main.o
                                 0x31 (size before relaxing)
 .comment       0x00000030       0x31 MFRC522.o
 .comment       0x00000030       0x31 SSD1306.o
 .comment       0x00000030       0x31 usart.o
 .comment       0x00000030       0x31 W25Q32BV.o

.note.gnu.avr.deviceinfo
                0x00000000       0x3c
 .note.gnu.avr.deviceinfo
                0x00000000       0x3c C:/Program Files (x86)/Atmel/Studio/7.0/Packs/atmel/ATmega_DFP/1.1.130/gcc/dev/atmega8a/avr4/crtatmega8a.o

.note.gnu.build-id
 *(.note.gnu.build-id)

.debug
 *(.debug)

.line
 *(.line)

.debug_srcinfo
 *(.debug_srcinfo)

.debug_sfnames
 *(.debug_sfnames)

.debug_aranges  0x00000000      0x200
 *(.debug_aranges)
 .debug_aranges
                0x00000000       0x50 main.o
 .debug_aranges
                0x00000050       0x60 MFRC522.o
 .debug_aranges
                0x000000b0       0x70 SSD1306.o
 .debug_aranges
                0x00000120       0x20 usart.o
 .debug_aranges
                0x00000140       0xc0 W25Q32BV.o

.debug_pubnames
 *(.debug_pubnames)

.debug_info     0x00000000     0x22c5
 *(.debug_info .gnu.linkonce.wi.*)
 .debug_info    0x00000000      0x48c C:/Program Files (x86)/Atmel/Studio/7.0/Packs/atmel/ATmega_DFP/1.1.130/gcc/dev/atmega8a/avr4/crtatmega8a.o
 .debug_info    0x0000048c      0x3bb main.o
 .debug_info    0x00000847      0x364 MFRC522.o
 .debug_info    0x00000bab      0xa7a SSD1306.o
 .debug_info    0x00001625       0x83 usart.o
 .debug_info    0x000016a8      0xc1d W25Q32BV.o

.debug_abbrev   0x00000000      0xdd9
 *(.debug_abbrev)
 .debug_abbrev  0x00000000      0x44e C:/Program Files (x86)/Atmel/Studio/7.0/Packs/atmel/ATmega_DFP/1.1.130/gcc/dev/atmega8a/avr4/crtatmega8a.o
 .debug_abbrev  0x0000044e      0x1f2 main.o
 .debug_abbrev  0x00000640      0x145 MFRC522.o
 .debug_abbrev  0x00000785      0x25a SSD1306.o
 .debug_abbrev  0x000009df       0x51 usart.o
 .debug_abbrev  0x00000a30      0x3a9 W25Q32BV.o

.debug_line     0x00000000     0x1860
 *(.debug_line .debug_line.* .debug_line_end)
 .debug_line    0x00000000      0x109 C:/Program Files (x86)/Atmel/Studio/7.0/Packs/atmel/ATmega_DFP/1.1.130/gcc/dev/atmega8a/avr4/crtatmega8a.o
 .debug_line    0x00000109      0x309 main.o
 .debug_line    0x00000412      0x22f MFRC522.o
 .debug_line    0x00000641      0x6cd SSD1306.o
 .debug_line    0x00000d0e       0xc0 usart.o
 .debug_line    0x00000dce      0xa92 W25Q32BV.o

.debug_frame    0x00000000      0x688
 *(.debug_frame)
 .debug_frame   0x00000000      0x114 main.o
 .debug_frame   0x00000114       0xe0 MFRC522.o
 .debug_frame   0x000001f4      0x14c SSD1306.o
 .debug_frame   0x00000340       0x24 usart.o
 .debug_frame   0x00000364      0x324 W25Q32BV.o

.debug_str      0x00000000      0x8d8
 *(.debug_str)
 .debug_str     0x00000000      0x17a C:/Program Files (x86)/Atmel/Studio/7.0/Packs/atmel/ATmega_DFP/1.1.130/gcc/dev/atmega8a/avr4/crtatmega8a.o
 .debug_str     0x0000017a      0x27e main.o
                                0x2d0 (size before relaxing)
 .debug_str     0x000003f8       0x89 MFRC522.o
                                0x207 (size before relaxing)
 .debug_str     0x00000481      0x176 SSD1306.o
                                0x2e6 (size before relaxing)
 .debug_str     0x000005f7        0xd usart.o
                                0x162 (size before relaxing)
 .debug_str     0x00000604      0x2d4 W25Q32BV.o
                                0x4a6 (size before relaxing)

.debug_loc      0x00000000     0x19de
 *(.debug_loc)
 .debug_loc     0x00000000      0x1cd main.o
 .debug_loc     0x000001cd      0x1e7 MFRC522.o
 .debug_loc     0x000003b4      0x833 SSD1306.o
 .debug_loc     0x00000be7      0xdf7 W25Q32BV.o

.debug_macinfo
 *(.debug_macinfo)

.debug_weaknames
 *(.debug_weaknames)

.debug_funcnames
 *(.debug_funcnames)

.debug_typenames
 *(.debug_typenames)

.debug_varnames
 *(.debug_varnames)

.debug_pubtypes
 *(.debug_pubtypes)

.debug_ranges   0x00000000      0x210
 *(.debug_ranges)
 .debug_ranges  0x00000000       0x40 main.o
 .debug_ranges  0x00000040       0x50 MFRC522.o
 .debug_ranges  0x00000090       0xc0 SSD1306.o
 .debug_ranges  0x00000150       0x10 usart.o
 .debug_ranges  0x00000160       0xb0 W25Q32BV.o

.debug_macro
 *(.debug_macro)
OUTPUT(wyswietlacz.elf elf32-avr)
LOAD linker stubs
